<html>
<body>
<pre>
<h1>µVision Build Log</h1>
<h2>Project:</h2>
C:\Users\ahmed\Desktop\microwave simulator\microwaveSimulator.uvproj
Project File Date:  05/25/2022

<h2>Output:</h2>
Build target 'Target 1'
compiling mian.c...
linking...
Program Size: Code=5212 RO-data=884 RW-data=32 ZI-data=512  
".\microwaveSimulator.axf" - 0 Error(s), 0 Warning(s).
Load "C:\\Users\\ahmed\\Desktop\\microwave simulator\\microwaveSimulator.axf" 
Connecting: Mode=JTAG, Speed=1000000Hz
Erase Done.
Programming Done.
Verify OK.
</pre>
</body>
</html>
rget DLL has been cancelled
